// Jest Snapshot v1, https://goo.gl/fbAQLP

exports[`Header renders correctly 1`] = `
<div>
  <div
    class="sc-bdVaJa gsdBKM"
  >
    <h1
      class="sc-VigVT fBDaOQ"
    >
      You are beautiful
    </h1>
    <h2
      class="sc-VigVT gNCaSo"
    >
      Have a nice day
    </h2>
  </div>
</div>
`;
